Attempting Add Perf: match=30, player=Tom Bruce, team=19
Params: runs=35, balls=28, wkts=0, overs=0.0, catches=0
Success!
Attempting Add Perf: match=30, player=Richie Berrington, team=19
Params: runs=35, balls=28, wkts=0, overs=0.0, catches=0
Success!
Attempting Add Perf: match=30, player=Michael Jones, team=19
Params: runs=1, balls=5, wkts=0, overs=0.0, catches=0
Success!
Attempting Add Perf: match=30, player=George Munsey, team=19
Params: runs=19, balls=15, wkts=0, overs=0.0, catches=0
Success!
Attempting Add Perf: match=30, player=Brad Currie, team=19
Params: runs=2, balls=3, wkts=2, overs=4.0, catches=0
Success!
Attempting Add Perf: match=30, player=Safyaan Sharif, team=19
Params: runs=0, balls=2, wkts=1, overs=4.0, catches=0
Success!
Attempting Add Perf: match=30, player=Mark Watt, team=19
Params: runs=15, balls=12, wkts=0, overs=4.0, catches=0
Success!
Attempting Add Perf: match=30, player=Mark Watt, team=19
Params: runs=15, balls=12, wkts=0, overs=4.0, catches=0
Success!
Attempting Add Perf: match=30, player=Brandon McMullen, team=19
Params: runs=14, balls=12, wkts=0, overs=1.0, catches=1
Success!
Attempting Add Perf: match=30, player=Oliver Davidson, team=19
Params: runs=0, balls=1, wkts=1, overs=3.0, catches=0
Success!
Attempting Add Perf: match=30, player=Michael Leask, team=19
Params: runs=0, balls=1, wkts=1, overs=4.0, catches=0
Success!
Attempting Add Perf: match=30, player=Matthew Cross, team=19
Params: runs=11, balls=11, wkts=0, overs=0.0, catches=0
Success!
Attempting Add Perf: match=30, player=Tom Bruce, team=19
Params: runs=35, balls=28, wkts=0, overs=0.0, catches=0
Success!
Attempting Add Perf: match=30, player=Richie Berrington, team=19
Params: runs=35, balls=28, wkts=0, overs=0.0, catches=0
Success!
Attempting Add Perf: match=30, player=Michael Jones, team=19
Params: runs=1, balls=5, wkts=0, overs=0.0, catches=0
Success!
Attempting Add Perf: match=30, player=George Munsey, team=19
Params: runs=19, balls=15, wkts=0, overs=0.0, catches=0
Success!
Attempting Add Perf: match=30, player=Brad Currie, team=19
Params: runs=2, balls=3, wkts=2, overs=4.0, catches=0
Success!
Attempting Add Perf: match=30, player=Safyaan Sharif, team=19
Params: runs=0, balls=2, wkts=1, overs=4.0, catches=0
Success!
Attempting Add Perf: match=30, player=Mark Watt, team=19
Params: runs=15, balls=12, wkts=0, overs=4.0, catches=0
Success!
Attempting Add Perf: match=30, player=Brandon McMullen, team=19
Params: runs=14, balls=12, wkts=0, overs=1.0, catches=1
Success!
Attempting Add Perf: match=30, player=Oliver Davidson, team=19
Params: runs=0, balls=1, wkts=1, overs=3.0, catches=0
Success!
Attempting Add Perf: match=30, player=Michael Leask, team=19
Params: runs=0, balls=1, wkts=1, overs=4.0, catches=0
Success!
Attempting Add Perf: match=30, player=Matthew Cross, team=19
Params: runs=11, balls=11, wkts=0, overs=0.0, catches=0
Success!
Attempting Add Perf: match=30, player=Shimron Hetmyer, team=20
Params: runs=64, balls=34, wkts=0, overs=0.0, catches=1
Success!
Attempting Add Perf: match=30, player=Shai Hope, team=20
Params: runs=19, balls=22, wkts=0, overs=0.0, catches=0
Success!
Attempting Add Perf: match=30, player=Brandon King, team=20
Params: runs=35, balls=30, wkts=0, overs=0.0, catches=0
Success!
Attempting Add Perf: match=30, player=Rovman Powell, team=20
Params: runs=24, balls=14, wkts=0, overs=0.0, catches=0
Success!
Attempting Add Perf: match=30, player=Sherfane Rutherford, team=20
Params: runs=28, balls=13, wkts=0, overs=0.0, catches=2
Success!
Attempting Add Perf: match=30, player=Roamrio Sephered, team=20
Params: runs=6, balls=3, wkts=5, overs=3.0, catches=1
Success!
Attempting Add Perf: match=30, player=Akeal Hossein, team=20
Params: runs=0, balls=0, wkts=0, overs=2.0, catches=0
Success!
Attempting Add Perf: match=30, player=Mathew Forde, team=20
Params: runs=1, balls=2, wkts=0, overs=2.0, catches=0
Success!
Attempting Add Perf: match=30, player=Shamar Joseph, team=20
Params: runs=0, balls=0, wkts=1, overs=4.0, catches=1
Success!
Attempting Add Perf: match=30, player=Gudakesh Motie, team=20
Params: runs=0, balls=0, wkts=1, overs=4.0, catches=0
Success!
Attempting Add Perf: match=30, player=Jason Holder, team=20
Params: runs=0, balls=0, wkts=3, overs=3.9, catches=1
Success!
